[0.021s] Invoking command in '/home/ai/work/python/UDP/ros2_ws/build/udp_sender': CMAKE_PREFIX_PATH=${CMAKE_PREFIX_PATH}:/opt/ros/foxy /usr/bin/cmake --build /home/ai/work/python/UDP/ros2_ws/build/udp_sender -- -j28 -l28
[0.115s] [ 11%] [34m[1mAutomatic MOC and UIC for target udp_sender_node[0m
[0.157s] [ 11%] Built target udp_sender_node_autogen
[0.205s] [35m[1mConsolidate compiler generated dependencies of target udp_sender_node[0m
[0.247s] [ 22%] [32mBuilding CXX object CMakeFiles/udp_sender_node.dir/src/binaryparser.cpp.o[0m
[0.256s] [ 33%] [32mBuilding CXX object CMakeFiles/udp_sender_node.dir/udp_sender_node_autogen/mocs_compilation.cpp.o[0m
[0.256s] [ 44%] [32mBuilding CXX object CMakeFiles/udp_sender_node.dir/src/main.cpp.o[0m
[0.257s] [ 55%] [32mBuilding CXX object CMakeFiles/udp_sender_node.dir/src/mainwindow.cpp.o[0m
[0.257s] [ 66%] [32mBuilding CXX object CMakeFiles/udp_sender_node.dir/src/rgbd_ros_driver.cpp.o[0m
[0.565s] [01m[K/home/ai/work/python/UDP/ros2_ws/src/udp_sender/src/binaryparser.cpp:[m[K In function ‘[01m[Kvoid assemble_frame()[m[K’:
[0.565s] [01m[K/home/ai/work/python/UDP/ros2_ws/src/udp_sender/src/binaryparser.cpp:88:30:[m[K [01;31m[Kerror: [m[K‘[01m[Ktotal_packets_expected_[m[K’ was not declared in this scope
[0.566s]    88 |     for (uint32_t i = 0; i < [01;31m[Ktotal_packets_expected_[m[K; i++) {
[0.566s]       |                              [01;31m[K^~~~~~~~~~~~~~~~~~~~~~~[m[K
[0.566s] [01m[K/home/ai/work/python/UDP/ros2_ws/src/udp_sender/src/binaryparser.cpp:89:19:[m[K [01;31m[Kerror: [m[K‘[01m[Kreceived_packets_[m[K’ was not declared in this scope
[0.566s]    89 |         auto it = [01;31m[Kreceived_packets_[m[K.find(i);
[0.566s]       |                   [01;31m[K^~~~~~~~~~~~~~~~~[m[K
[0.567s] [01m[K/home/ai/work/python/UDP/ros2_ws/src/udp_sender/src/binaryparser.cpp:94:34:[m[K [01;31m[Kerror: [m[K‘[01m[Kcurrent_frame_ID_[m[K’ was not declared in this scope
[0.567s]    94 |     std::cout << "프레임 " << [01;31m[Kcurrent_frame_ID_[m[K << " 조합 완료, 사이즈: " << frame_data.size() << " bytes.\n";
[0.568s]       |                                  [01;31m[K^~~~~~~~~~~~~~~~~[m[K
[0.568s] [01m[K/home/ai/work/python/UDP/ros2_ws/src/udp_sender/src/binaryparser.cpp:95:5:[m[K [01;31m[Kerror: [m[K‘[01m[Kreceived_packets_[m[K’ was not declared in this scope
[0.568s]    95 |     [01;31m[Kreceived_packets_[m[K.clear();
[0.568s]       |     [01;31m[K^~~~~~~~~~~~~~~~~[m[K
[0.569s] [01m[K/home/ai/work/python/UDP/ros2_ws/src/udp_sender/src/binaryparser.cpp:96:5:[m[K [01;31m[Kerror: [m[K‘[01m[Ksend_frame_request[m[K’ was not declared in this scope
[0.569s]    96 |     [01;31m[Ksend_frame_request[m[K();
[0.569s]       |     [01;31m[K^~~~~~~~~~~~~~~~~~[m[K
[0.681s] make[2]: *** [CMakeFiles/udp_sender_node.dir/build.make:132: CMakeFiles/udp_sender_node.dir/src/binaryparser.cpp.o] Error 1
[0.681s] make[2]: *** Waiting for unfinished jobs....
[2.069s] make[1]: *** [CMakeFiles/Makefile2:138: CMakeFiles/udp_sender_node.dir/all] Error 2
[2.069s] make: *** [Makefile:146: all] Error 2
[2.073s] Invoked command in '/home/ai/work/python/UDP/ros2_ws/build/udp_sender' returned '2': CMAKE_PREFIX_PATH=${CMAKE_PREFIX_PATH}:/opt/ros/foxy /usr/bin/cmake --build /home/ai/work/python/UDP/ros2_ws/build/udp_sender -- -j28 -l28
