[0.021s] Invoking command in '/home/ai/work/python/UDP/ros2_ws/build/udp_sender': CMAKE_PREFIX_PATH=/opt/ros/foxy /usr/bin/cmake --build /home/ai/work/python/UDP/ros2_ws/build/udp_sender -- -j28 -l28
[0.076s] -- Found ament_cmake: 0.9.12 (/opt/ros/foxy/share/ament_cmake/cmake)
[0.119s] -- Using PYTHON_EXECUTABLE: /usr/bin/python3
[0.298s] -- Found rclcpp: 2.4.3 (/opt/ros/foxy/share/rclcpp/cmake)
[0.331s] -- Using all available rosidl_typesupport_c: rosidl_typesupport_fastrtps_c;rosidl_typesupport_introspection_c
[0.333s] -- Found rosidl_adapter: 1.3.1 (/opt/ros/foxy/share/rosidl_adapter/cmake)
[0.426s] -- Using all available rosidl_typesupport_cpp: rosidl_typesupport_fastrtps_cpp;rosidl_typesupport_introspection_cpp
[0.457s] -- Found rmw_implementation_cmake: 1.0.4 (/opt/ros/foxy/share/rmw_implementation_cmake/cmake)
[0.457s] -- Using RMW implementation 'rmw_fastrtps_cpp' as default
[0.604s] -- Configuring done
[0.672s] -- Generating done
[0.678s] -- Build files have been written to: /home/ai/work/python/UDP/ros2_ws/build/udp_sender
[0.735s] [ 11%] [34m[1mAutomatic MOC and UIC for target udp_sender_node[0m
[0.803s] [ 11%] Built target udp_sender_node_autogen
[0.847s] [ 22%] [32mBuilding CXX object CMakeFiles/udp_sender_node.dir/src/udpclient.cpp.o[0m
[0.850s] [ 33%] [32mBuilding CXX object CMakeFiles/udp_sender_node.dir/udp_sender_node_autogen/mocs_compilation.cpp.o[0m
[0.850s] [ 44%] [32mBuilding CXX object CMakeFiles/udp_sender_node.dir/src/main.cpp.o[0m
[0.851s] [ 66%] [32mBuilding CXX object CMakeFiles/udp_sender_node.dir/src/binaryparser.cpp.o[0m
[0.851s] [ 66%] [32mBuilding CXX object CMakeFiles/udp_sender_node.dir/src/mainwindow.cpp.o[0m
[0.851s] [ 77%] [32mBuilding CXX object CMakeFiles/udp_sender_node.dir/src/packet.cpp.o[0m
[0.851s] [ 88%] [32mBuilding CXX object CMakeFiles/udp_sender_node.dir/src/rgbd_ros_driver.cpp.o[0m
[0.864s] [01m[K/home/ai/work/python/UDP/ros2_ws/src/udp_sender/src/packet.cpp:1:10:[m[K [01;31m[Kfatal error: [m[Kpacket.hpp: No such file or directory
[0.864s]     1 | #include [01;31m[K"packet.hpp"[m[K
[0.864s]       |          [01;31m[K^~~~~~~~~~~~[m[K
[0.864s] compilation terminated.
[0.864s] [01m[K/home/ai/work/python/UDP/ros2_ws/src/udp_sender/src/udpclient.cpp:1:10:[m[K [01;31m[Kfatal error: [m[Kudpclient.hpp: No such file or directory
[0.865s]     1 | #include [01;31m[K"udpclient.hpp"[m[K
[0.865s]       |          [01;31m[K^~~~~~~~~~~~~~~[m[K
[0.865s] compilation terminated.
[0.865s] make[2]: *** [CMakeFiles/udp_sender_node.dir/build.make:146: CMakeFiles/udp_sender_node.dir/src/packet.cpp.o] Error 1
[0.865s] make[2]: *** Waiting for unfinished jobs....
[0.866s] [01m[K/home/ai/work/python/UDP/ros2_ws/src/udp_sender/src/mainwindow.cpp:1:10:[m[K [01;31m[Kfatal error: [m[Kmainwindow.hpp: No such file or directory
[0.866s]     1 | #include [01;31m[K"mainwindow.hpp"[m[K
[0.866s]       |          [01;31m[K^~~~~~~~~~~~~~~~[m[K
[0.867s] compilation terminated.
[0.867s] make[2]: *** [CMakeFiles/udp_sender_node.dir/build.make:118: CMakeFiles/udp_sender_node.dir/src/udpclient.cpp.o] Error 1
[0.868s] make[2]: *** [CMakeFiles/udp_sender_node.dir/build.make:104: CMakeFiles/udp_sender_node.dir/src/mainwindow.cpp.o] Error 1
[0.868s] [01m[K/home/ai/work/python/UDP/ros2_ws/src/udp_sender/src/rgbd_ros_driver.cpp:1:10:[m[K [01;31m[Kfatal error: [m[Krgbd_ros_driver.hpp: No such file or directory
[0.868s]     1 | #include [01;31m[K"rgbd_ros_driver.hpp"[m[K
[0.868s]       |          [01;31m[K^~~~~~~~~~~~~~~~~~~~~[m[K
[0.868s] compilation terminated.
[0.869s] [01m[K/home/ai/work/python/UDP/ros2_ws/src/udp_sender/src/binaryparser.cpp:1:10:[m[K [01;31m[Kfatal error: [m[Kbinaryparser.hpp: No such file or directory
[0.869s]     1 | #include [01;31m[K"binaryparser.hpp"[m[K
[0.869s]       |          [01;31m[K^~~~~~~~~~~~~~~~~~[m[K
[0.869s] compilation terminated.
[0.869s] make[2]: *** [CMakeFiles/udp_sender_node.dir/build.make:160: CMakeFiles/udp_sender_node.dir/src/rgbd_ros_driver.cpp.o] Error 1
[0.870s] make[2]: *** [CMakeFiles/udp_sender_node.dir/build.make:132: CMakeFiles/udp_sender_node.dir/src/binaryparser.cpp.o] Error 1
[0.933s] [01m[K/home/ai/work/python/UDP/ros2_ws/src/udp_sender/src/main.cpp:17:10:[m[K [01;31m[Kfatal error: [m[Kmainwindow.hpp: No such file or directory
[0.933s]    17 | #include [01;31m[K"mainwindow.hpp"[m[K
[0.934s]       |          [01;31m[K^~~~~~~~~~~~~~~~[m[K
[0.934s] compilation terminated.
[0.936s] make[2]: *** [CMakeFiles/udp_sender_node.dir/build.make:90: CMakeFiles/udp_sender_node.dir/src/main.cpp.o] Error 1
[0.936s] make[1]: *** [CMakeFiles/Makefile2:138: CMakeFiles/udp_sender_node.dir/all] Error 2
[0.937s] make: *** [Makefile:146: all] Error 2
[0.942s] Invoked command in '/home/ai/work/python/UDP/ros2_ws/build/udp_sender' returned '2': CMAKE_PREFIX_PATH=/opt/ros/foxy /usr/bin/cmake --build /home/ai/work/python/UDP/ros2_ws/build/udp_sender -- -j28 -l28
