[ 11%] [34m[1mAutomatic MOC and UIC for target udp_sender_node[0m
[ 11%] Built target udp_sender_node_autogen
[35m[1mConsolidate compiler generated dependencies of target udp_sender_node[0m
[ 22%] [32mBuilding CXX object CMakeFiles/udp_sender_node.dir/src/binaryparser.cpp.o[0m
[ 33%] [32m[1mLinking CXX executable udp_sender_node[0m
[100%] Built target udp_sender_node
-- Install configuration: ""
-- Installing: /home/ai/work/python/UDP/ros2_ws/install/udp_sender/lib/udp_sender/udp_sender_node
-- Set runtime path of "/home/ai/work/python/UDP/ros2_ws/install/udp_sender/lib/udp_sender/udp_sender_node" to ""
-- Up-to-date: /home/ai/work/python/UDP/ros2_ws/install/udp_sender/share/ament_index/resource_index/package_run_dependencies/udp_sender
-- Up-to-date: /home/ai/work/python/UDP/ros2_ws/install/udp_sender/share/ament_index/resource_index/parent_prefix_path/udp_sender
-- Up-to-date: /home/ai/work/python/UDP/ros2_ws/install/udp_sender/share/udp_sender/environment/ament_prefix_path.sh
-- Up-to-date: /home/ai/work/python/UDP/ros2_ws/install/udp_sender/share/udp_sender/environment/ament_prefix_path.dsv
-- Up-to-date: /home/ai/work/python/UDP/ros2_ws/install/udp_sender/share/udp_sender/environment/path.sh
-- Up-to-date: /home/ai/work/python/UDP/ros2_ws/install/udp_sender/share/udp_sender/environment/path.dsv
-- Up-to-date: /home/ai/work/python/UDP/ros2_ws/install/udp_sender/share/udp_sender/local_setup.bash
-- Up-to-date: /home/ai/work/python/UDP/ros2_ws/install/udp_sender/share/udp_sender/local_setup.sh
-- Up-to-date: /home/ai/work/python/UDP/ros2_ws/install/udp_sender/share/udp_sender/local_setup.zsh
-- Up-to-date: /home/ai/work/python/UDP/ros2_ws/install/udp_sender/share/udp_sender/local_setup.dsv
-- Installing: /home/ai/work/python/UDP/ros2_ws/install/udp_sender/share/udp_sender/package.dsv
-- Up-to-date: /home/ai/work/python/UDP/ros2_ws/install/udp_sender/share/ament_index/resource_index/packages/udp_sender
-- Up-to-date: /home/ai/work/python/UDP/ros2_ws/install/udp_sender/share/udp_sender/cmake/udp_senderConfig.cmake
-- Up-to-date: /home/ai/work/python/UDP/ros2_ws/install/udp_sender/share/udp_sender/cmake/udp_senderConfig-version.cmake
-- Up-to-date: /home/ai/work/python/UDP/ros2_ws/install/udp_sender/share/udp_sender/package.xml
