[0.015s] Invoking command in '/home/ai/work/python/UDP/ros2_ws/build/udp_sender': CMAKE_PREFIX_PATH=${CMAKE_PREFIX_PATH}:/opt/ros/foxy /usr/bin/cmake --build /home/ai/work/python/UDP/ros2_ws/build/udp_sender -- -j28 -l28
[0.115s] [ 11%] [34m[1mAutomatic MOC and UIC for target udp_sender_node[0m
[0.147s] [ 11%] Built target udp_sender_node_autogen
[0.194s] [35m[1mConsolidate compiler generated dependencies of target udp_sender_node[0m
[0.268s] [ 22%] [32mBuilding CXX object CMakeFiles/udp_sender_node.dir/src/binaryparser.cpp.o[0m
[0.912s] [ 33%] [32m[1mLinking CXX executable udp_sender_node[0m
[1.393s] [100%] Built target udp_sender_node
[1.417s] Invoked command in '/home/ai/work/python/UDP/ros2_ws/build/udp_sender' returned '0': CMAKE_PREFIX_PATH=${CMAKE_PREFIX_PATH}:/opt/ros/foxy /usr/bin/cmake --build /home/ai/work/python/UDP/ros2_ws/build/udp_sender -- -j28 -l28
[1.445s] Invoking command in '/home/ai/work/python/UDP/ros2_ws/build/udp_sender': CMAKE_PREFIX_PATH=${CMAKE_PREFIX_PATH}:/opt/ros/foxy /usr/bin/cmake --install /home/ai/work/python/UDP/ros2_ws/build/udp_sender
[1.459s] -- Install configuration: ""
[1.459s] -- Installing: /home/ai/work/python/UDP/ros2_ws/install/udp_sender/lib/udp_sender/udp_sender_node
[1.460s] -- Set runtime path of "/home/ai/work/python/UDP/ros2_ws/install/udp_sender/lib/udp_sender/udp_sender_node" to ""
[1.460s] -- Up-to-date: /home/ai/work/python/UDP/ros2_ws/install/udp_sender/share/ament_index/resource_index/package_run_dependencies/udp_sender
[1.460s] -- Up-to-date: /home/ai/work/python/UDP/ros2_ws/install/udp_sender/share/ament_index/resource_index/parent_prefix_path/udp_sender
[1.460s] -- Up-to-date: /home/ai/work/python/UDP/ros2_ws/install/udp_sender/share/udp_sender/environment/ament_prefix_path.sh
[1.461s] -- Up-to-date: /home/ai/work/python/UDP/ros2_ws/install/udp_sender/share/udp_sender/environment/ament_prefix_path.dsv
[1.461s] -- Up-to-date: /home/ai/work/python/UDP/ros2_ws/install/udp_sender/share/udp_sender/environment/path.sh
[1.461s] -- Up-to-date: /home/ai/work/python/UDP/ros2_ws/install/udp_sender/share/udp_sender/environment/path.dsv
[1.461s] -- Up-to-date: /home/ai/work/python/UDP/ros2_ws/install/udp_sender/share/udp_sender/local_setup.bash
[1.461s] -- Up-to-date: /home/ai/work/python/UDP/ros2_ws/install/udp_sender/share/udp_sender/local_setup.sh
[1.461s] -- Up-to-date: /home/ai/work/python/UDP/ros2_ws/install/udp_sender/share/udp_sender/local_setup.zsh
[1.462s] -- Up-to-date: /home/ai/work/python/UDP/ros2_ws/install/udp_sender/share/udp_sender/local_setup.dsv
[1.462s] -- Installing: /home/ai/work/python/UDP/ros2_ws/install/udp_sender/share/udp_sender/package.dsv
[1.462s] -- Up-to-date: /home/ai/work/python/UDP/ros2_ws/install/udp_sender/share/ament_index/resource_index/packages/udp_sender
[1.462s] -- Up-to-date: /home/ai/work/python/UDP/ros2_ws/install/udp_sender/share/udp_sender/cmake/udp_senderConfig.cmake
[1.462s] -- Up-to-date: /home/ai/work/python/UDP/ros2_ws/install/udp_sender/share/udp_sender/cmake/udp_senderConfig-version.cmake
[1.463s] -- Up-to-date: /home/ai/work/python/UDP/ros2_ws/install/udp_sender/share/udp_sender/package.xml
[1.465s] Invoked command in '/home/ai/work/python/UDP/ros2_ws/build/udp_sender' returned '0': CMAKE_PREFIX_PATH=${CMAKE_PREFIX_PATH}:/opt/ros/foxy /usr/bin/cmake --install /home/ai/work/python/UDP/ros2_ws/build/udp_sender
