[0.022s] Invoking command in '/home/ai/work/python/UDP/ros2_ws/build/udp_sender': CMAKE_PREFIX_PATH=${CMAKE_PREFIX_PATH}:/opt/ros/foxy /usr/bin/cmake --build /home/ai/work/python/UDP/ros2_ws/build/udp_sender -- -j28 -l28
[0.119s] [ 11%] [34m[1mAutomatic MOC and UIC for target udp_sender_node[0m
[0.156s] [ 11%] Built target udp_sender_node_autogen
[0.217s] [ 22%] [32mBuilding CXX object CMakeFiles/udp_sender_node.dir/src/rgbd_ros_driver.cpp.o[0m
[0.221s] [ 33%] [32mBuilding CXX object CMakeFiles/udp_sender_node.dir/udp_sender_node_autogen/mocs_compilation.cpp.o[0m
[0.221s] [ 44%] [32mBuilding CXX object CMakeFiles/udp_sender_node.dir/src/mainwindow.cpp.o[0m
[0.222s] [ 55%] [32mBuilding CXX object CMakeFiles/udp_sender_node.dir/src/main.cpp.o[0m
[1.971s] [ 66%] [32m[1mLinking CXX executable udp_sender_node[0m
[2.456s] [100%] Built target udp_sender_node
[2.479s] Invoked command in '/home/ai/work/python/UDP/ros2_ws/build/udp_sender' returned '0': CMAKE_PREFIX_PATH=${CMAKE_PREFIX_PATH}:/opt/ros/foxy /usr/bin/cmake --build /home/ai/work/python/UDP/ros2_ws/build/udp_sender -- -j28 -l28
[2.509s] Invoking command in '/home/ai/work/python/UDP/ros2_ws/build/udp_sender': CMAKE_PREFIX_PATH=${CMAKE_PREFIX_PATH}:/opt/ros/foxy /usr/bin/cmake --install /home/ai/work/python/UDP/ros2_ws/build/udp_sender
[2.527s] -- Install configuration: ""
[2.528s] -- Installing: /home/ai/work/python/UDP/ros2_ws/install/udp_sender/lib/udp_sender/udp_sender_node
[2.529s] -- Set runtime path of "/home/ai/work/python/UDP/ros2_ws/install/udp_sender/lib/udp_sender/udp_sender_node" to ""
[2.529s] -- Up-to-date: /home/ai/work/python/UDP/ros2_ws/install/udp_sender/share/ament_index/resource_index/package_run_dependencies/udp_sender
[2.529s] -- Up-to-date: /home/ai/work/python/UDP/ros2_ws/install/udp_sender/share/ament_index/resource_index/parent_prefix_path/udp_sender
[2.530s] -- Up-to-date: /home/ai/work/python/UDP/ros2_ws/install/udp_sender/share/udp_sender/environment/ament_prefix_path.sh
[2.530s] -- Up-to-date: /home/ai/work/python/UDP/ros2_ws/install/udp_sender/share/udp_sender/environment/ament_prefix_path.dsv
[2.530s] -- Up-to-date: /home/ai/work/python/UDP/ros2_ws/install/udp_sender/share/udp_sender/environment/path.sh
[2.530s] -- Up-to-date: /home/ai/work/python/UDP/ros2_ws/install/udp_sender/share/udp_sender/environment/path.dsv
[2.530s] -- Up-to-date: /home/ai/work/python/UDP/ros2_ws/install/udp_sender/share/udp_sender/local_setup.bash
[2.530s] -- Up-to-date: /home/ai/work/python/UDP/ros2_ws/install/udp_sender/share/udp_sender/local_setup.sh
[2.531s] -- Up-to-date: /home/ai/work/python/UDP/ros2_ws/install/udp_sender/share/udp_sender/local_setup.zsh
[2.531s] -- Up-to-date: /home/ai/work/python/UDP/ros2_ws/install/udp_sender/share/udp_sender/local_setup.dsv
[2.531s] -- Installing: /home/ai/work/python/UDP/ros2_ws/install/udp_sender/share/udp_sender/package.dsv
[2.531s] -- Up-to-date: /home/ai/work/python/UDP/ros2_ws/install/udp_sender/share/ament_index/resource_index/packages/udp_sender
[2.531s] -- Up-to-date: /home/ai/work/python/UDP/ros2_ws/install/udp_sender/share/udp_sender/cmake/udp_senderConfig.cmake
[2.531s] -- Up-to-date: /home/ai/work/python/UDP/ros2_ws/install/udp_sender/share/udp_sender/cmake/udp_senderConfig-version.cmake
[2.531s] -- Up-to-date: /home/ai/work/python/UDP/ros2_ws/install/udp_sender/share/udp_sender/package.xml
[2.534s] Invoked command in '/home/ai/work/python/UDP/ros2_ws/build/udp_sender' returned '0': CMAKE_PREFIX_PATH=${CMAKE_PREFIX_PATH}:/opt/ros/foxy /usr/bin/cmake --install /home/ai/work/python/UDP/ros2_ws/build/udp_sender
