[0.021s] Invoking command in '/home/ai/work/python/UDP/ros2_ws/build/udp_sender': CMAKE_PREFIX_PATH=${CMAKE_PREFIX_PATH}:/opt/ros/foxy /usr/bin/cmake --build /home/ai/work/python/UDP/ros2_ws/build/udp_sender -- -j28 -l28
[0.118s] [ 11%] [34m[1mAutomatic MOC and UIC for target udp_sender_node[0m
[0.148s] [ 11%] Built target udp_sender_node_autogen
[0.196s] [35m[1mConsolidate compiler generated dependencies of target udp_sender_node[0m
[0.242s] [ 22%] [32mBuilding CXX object CMakeFiles/udp_sender_node.dir/udp_sender_node_autogen/mocs_compilation.cpp.o[0m
[0.243s] [ 44%] [32mBuilding CXX object CMakeFiles/udp_sender_node.dir/src/main.cpp.o[0m
[0.243s] [ 44%] [32mBuilding CXX object CMakeFiles/udp_sender_node.dir/src/mainwindow.cpp.o[0m
[0.243s] [ 55%] [32mBuilding CXX object CMakeFiles/udp_sender_node.dir/src/binaryparser.cpp.o[0m
[0.243s] [ 66%] [32mBuilding CXX object CMakeFiles/udp_sender_node.dir/src/rgbd_ros_driver.cpp.o[0m
[0.564s] [01m[K/home/ai/work/python/UDP/ros2_ws/src/udp_sender/src/binaryparser.cpp:[m[K In member function ‘[01m[Kvoid BinaryParser::process_packet(const std::vector<unsigned char>&)[m[K’:
[0.565s] [01m[K/home/ai/work/python/UDP/ros2_ws/src/udp_sender/src/binaryparser.cpp:62:9:[m[K [01;31m[Kerror: [m[K‘[01m[Ktotal_packets_expected_[m[K’ was not declared in this scope
[0.565s]    62 |         [01;31m[Ktotal_packets_expected_[m[K = total_packets;
[0.565s]       |         [01;31m[K^~~~~~~~~~~~~~~~~~~~~~~[m[K
[0.569s] [01m[K/home/ai/work/python/UDP/ros2_ws/src/udp_sender/src/binaryparser.cpp:[m[K In member function ‘[01m[Kvoid BinaryParser::assemble_frame()[m[K’:
[0.569s] [01m[K/home/ai/work/python/UDP/ros2_ws/src/udp_sender/src/binaryparser.cpp:88:30:[m[K [01;31m[Kerror: [m[K‘[01m[Ktotal_packets_expected_[m[K’ was not declared in this scope
[0.569s]    88 |     for (uint32_t i = 0; i < [01;31m[Ktotal_packets_expected_[m[K; i++) {
[0.569s]       |                              [01;31m[K^~~~~~~~~~~~~~~~~~~~~~~[m[K
[0.573s] [01m[K/home/ai/work/python/UDP/ros2_ws/src/udp_sender/src/binaryparser.cpp:96:5:[m[K [01;31m[Kerror: [m[K‘[01m[Ksend_frame_request[m[K’ was not declared in this scope
[0.573s]    96 |     [01;31m[Ksend_frame_request[m[K();
[0.573s]       |     [01;31m[K^~~~~~~~~~~~~~~~~~[m[K
[0.680s] make[2]: *** [CMakeFiles/udp_sender_node.dir/build.make:132: CMakeFiles/udp_sender_node.dir/src/binaryparser.cpp.o] Error 1
[0.680s] make[2]: *** Waiting for unfinished jobs....
[1.993s] make[1]: *** [CMakeFiles/Makefile2:138: CMakeFiles/udp_sender_node.dir/all] Error 2
[1.993s] make: *** [Makefile:146: all] Error 2
[1.998s] Invoked command in '/home/ai/work/python/UDP/ros2_ws/build/udp_sender' returned '2': CMAKE_PREFIX_PATH=${CMAKE_PREFIX_PATH}:/opt/ros/foxy /usr/bin/cmake --build /home/ai/work/python/UDP/ros2_ws/build/udp_sender -- -j28 -l28
