[0.021s] Invoking command in '/home/ai/work/python/UDP/ros2_ws/build/udp_sender': CMAKE_PREFIX_PATH=/opt/ros/foxy /usr/bin/cmake /home/ai/work/python/UDP/ros2_ws/src/udp_sender -DCMAKE_INSTALL_PREFIX=/home/ai/work/python/UDP/ros2_ws/install/udp_sender
[0.050s] -- Found ament_cmake: 0.9.12 (/opt/ros/foxy/share/ament_cmake/cmake)
[0.081s] -- Using PYTHON_EXECUTABLE: /usr/bin/python3
[0.235s] -- Found rclcpp: 2.4.3 (/opt/ros/foxy/share/rclcpp/cmake)
[0.258s] -- Using all available rosidl_typesupport_c: rosidl_typesupport_fastrtps_c;rosidl_typesupport_introspection_c
[0.260s] -- Found rosidl_adapter: 1.3.1 (/opt/ros/foxy/share/rosidl_adapter/cmake)
[0.379s] -- Using all available rosidl_typesupport_cpp: rosidl_typesupport_fastrtps_cpp;rosidl_typesupport_introspection_cpp
[0.409s] -- Found rmw_implementation_cmake: 1.0.4 (/opt/ros/foxy/share/rmw_implementation_cmake/cmake)
[0.409s] -- Using RMW implementation 'rmw_fastrtps_cpp' as default
[0.551s] -- Configuring done
[0.556s] [31mCMake Error at CMakeLists.txt:34 (add_executable):
[0.556s]   Cannot find source file:
[0.556s] 
[0.557s]     ui/mainwindow.ui
[0.557s] 
[0.557s]   Tried extensions .c .C .c++ .cc .cpp .cxx .cu .mpp .m .M .mm .ixx .cppm .h
[0.557s]   .hh .h++ .hm .hpp .hxx .in .txx .f .F .for .f77 .f90 .f95 .f03 .hip .ispc
[0.557s] 
[0.557s] [0m
[0.623s] -- Generating done
[0.625s] [0mCMake Generate step failed.  Build files cannot be regenerated correctly.[0m
[0.638s] Invoked command in '/home/ai/work/python/UDP/ros2_ws/build/udp_sender' returned '1': CMAKE_PREFIX_PATH=/opt/ros/foxy /usr/bin/cmake /home/ai/work/python/UDP/ros2_ws/src/udp_sender -DCMAKE_INSTALL_PREFIX=/home/ai/work/python/UDP/ros2_ws/install/udp_sender
