[0.015s] Invoking command in '/home/ai/work/python/UDP/ros2_ws/build/udp_sender': CMAKE_PREFIX_PATH=/opt/ros/foxy /usr/bin/cmake --build /home/ai/work/python/UDP/ros2_ws/build/udp_sender -- -j28 -l28
[0.122s] [ 11%] [34m[1mAutomatic MOC and UIC for target udp_sender_node[0m
[0.163s] [ 11%] Built target udp_sender_node_autogen
[0.181s] [35m[1mConsolidate compiler generated dependencies of target udp_sender_node[0m
[0.196s] [ 22%] [32mBuilding CXX object CMakeFiles/udp_sender_node.dir/src/main.cpp.o[0m
[0.203s] [ 66%] [32mBuilding CXX object CMakeFiles/udp_sender_node.dir/src/packet.cpp.o[0m
[0.203s] [ 66%] [32mBuilding CXX object CMakeFiles/udp_sender_node.dir/src/binaryparser.cpp.o[0m
[0.203s] [ 66%] [32mBuilding CXX object CMakeFiles/udp_sender_node.dir/src/mainwindow.cpp.o[0m
[0.203s] [ 66%] [32mBuilding CXX object CMakeFiles/udp_sender_node.dir/src/udpclient.cpp.o[0m
[0.204s] [ 77%] [32mBuilding CXX object CMakeFiles/udp_sender_node.dir/src/rgbd_ros_driver.cpp.o[0m
[0.216s] [01m[K/home/ai/work/python/UDP/ros2_ws/src/udp_sender/src/rgbd_ros_driver.cpp:1:10:[m[K [01;31m[Kfatal error: [m[Krgbd_ros_driver.hpp: No such file or directory
[0.216s]     1 | #include [01;31m[K"rgbd_ros_driver.hpp"[m[K
[0.216s]       |          [01;31m[K^~~~~~~~~~~~~~~~~~~~~[m[K
[0.217s] compilation terminated.
[0.217s] [01m[K/home/ai/work/python/UDP/ros2_ws/src/udp_sender/src/binaryparser.cpp:1:10:[m[K [01;31m[Kfatal error: [m[Kbinaryparser.hpp: No such file or directory
[0.217s]     1 | #include [01;31m[K"binaryparser.hpp"[m[K
[0.217s]       |          [01;31m[K^~~~~~~~~~~~~~~~~~[m[K
[0.217s] compilation terminated.
[0.217s] make[2]: *** [CMakeFiles/udp_sender_node.dir/build.make:160: CMakeFiles/udp_sender_node.dir/src/rgbd_ros_driver.cpp.o] Error 1
[0.217s] make[2]: *** Waiting for unfinished jobs....
[0.218s] make[2]: *** [CMakeFiles/udp_sender_node.dir/build.make:132: CMakeFiles/udp_sender_node.dir/src/binaryparser.cpp.o] Error 1
[0.219s] [01m[K/home/ai/work/python/UDP/ros2_ws/src/udp_sender/src/udpclient.cpp:1:10:[m[K [01;31m[Kfatal error: [m[Kudpclient.hpp: No such file or directory
[0.219s]     1 | #include [01;31m[K"udpclient.hpp"[m[K
[0.219s]       |          [01;31m[K^~~~~~~~~~~~~~~[m[K
[0.219s] compilation terminated.
[0.219s] [01m[K/home/ai/work/python/UDP/ros2_ws/src/udp_sender/src/packet.cpp:1:10:[m[K [01;31m[Kfatal error: [m[Kpacket.hpp: No such file or directory
[0.219s]     1 | #include [01;31m[K"packet.hpp"[m[K
[0.219s]       |          [01;31m[K^~~~~~~~~~~~[m[K
[0.219s] compilation terminated.
[0.220s] make[2]: *** [CMakeFiles/udp_sender_node.dir/build.make:118: CMakeFiles/udp_sender_node.dir/src/udpclient.cpp.o] Error 1
[0.220s] make[2]: *** [CMakeFiles/udp_sender_node.dir/build.make:146: CMakeFiles/udp_sender_node.dir/src/packet.cpp.o] Error 1
[0.291s] In file included from [01m[K/home/ai/work/python/UDP/ros2_ws/src/udp_sender/src/main.cpp:17[m[K:
[0.291s] [01m[K/home/ai/work/python/UDP/ros2_ws/src/udp_sender/src/mainwindow.hpp:5:10:[m[K [01;31m[Kfatal error: [m[Krgbd_ros_driver.hpp: No such file or directory
[0.291s]     5 | #include [01;31m[K"rgbd_ros_driver.hpp"[m[K
[0.292s]       |          [01;31m[K^~~~~~~~~~~~~~~~~~~~~[m[K
[0.292s] compilation terminated.
[0.293s] make[2]: *** [CMakeFiles/udp_sender_node.dir/build.make:90: CMakeFiles/udp_sender_node.dir/src/main.cpp.o] Error 1
[0.310s] In file included from [01m[K/home/ai/work/python/UDP/ros2_ws/src/udp_sender/src/mainwindow.cpp:1[m[K:
[0.310s] [01m[K/home/ai/work/python/UDP/ros2_ws/src/udp_sender/src/mainwindow.hpp:5:10:[m[K [01;31m[Kfatal error: [m[Krgbd_ros_driver.hpp: No such file or directory
[0.310s]     5 | #include [01;31m[K"rgbd_ros_driver.hpp"[m[K
[0.310s]       |          [01;31m[K^~~~~~~~~~~~~~~~~~~~~[m[K
[0.310s] compilation terminated.
[0.312s] make[2]: *** [CMakeFiles/udp_sender_node.dir/build.make:104: CMakeFiles/udp_sender_node.dir/src/mainwindow.cpp.o] Error 1
[0.312s] make[1]: *** [CMakeFiles/Makefile2:138: CMakeFiles/udp_sender_node.dir/all] Error 2
[0.313s] make: *** [Makefile:146: all] Error 2
[0.318s] Invoked command in '/home/ai/work/python/UDP/ros2_ws/build/udp_sender' returned '2': CMAKE_PREFIX_PATH=/opt/ros/foxy /usr/bin/cmake --build /home/ai/work/python/UDP/ros2_ws/build/udp_sender -- -j28 -l28
