In file included from [01m[K/home/ai/work/python/UDP/ros2_ws/src/udp_sender/src/binaryparser.cpp:1[m[K:
[01m[K/home/ai/work/python/UDP/ros2_ws/src/udp_sender/include/udp_sender/binaryparser.hpp:31:14:[m[K [01;31m[Kerror: [m[Kexpected ‘[01m[K;[m[K’ at end of member declaration
   31 |     uint32_t [01;31m[Kframe_ID[m[K
      |              [01;31m[K^~~~~~~~[m[K
      |                      [32m[K;[m[K
[01m[K/home/ai/work/python/UDP/ros2_ws/src/udp_sender/src/binaryparser.cpp:[m[K In member function ‘[01m[Kvoid BinaryParser::assemble_frame()[m[K’:
[01m[K/home/ai/work/python/UDP/ros2_ws/src/udp_sender/src/binaryparser.cpp:96:5:[m[K [01;31m[Kerror: [m[K‘[01m[Ksend_frame_request[m[K’ was not declared in this scope
   96 |     [01;31m[Ksend_frame_request[m[K();
      |     [01;31m[K^~~~~~~~~~~~~~~~~~[m[K
make[2]: *** [CMakeFiles/udp_sender_node.dir/build.make:132: CMakeFiles/udp_sender_node.dir/src/binaryparser.cpp.o] Error 1
make[2]: *** Waiting for unfinished jobs....
In file included from [01m[K/home/ai/work/python/UDP/ros2_ws/src/udp_sender/include/udp_sender/rgbd_ros_driver.hpp:7[m[K,
                 from [01m[K/home/ai/work/python/UDP/ros2_ws/src/udp_sender/src/rgbd_ros_driver.cpp:1[m[K:
[01m[K/home/ai/work/python/UDP/ros2_ws/src/udp_sender/include/udp_sender/binaryparser.hpp:31:14:[m[K [01;31m[Kerror: [m[Kexpected ‘[01m[K;[m[K’ at end of member declaration
   31 |     uint32_t [01;31m[Kframe_ID[m[K
      |              [01;31m[K^~~~~~~~[m[K
      |                      [32m[K;[m[K
In file included from [01m[K/home/ai/work/python/UDP/ros2_ws/src/udp_sender/include/udp_sender/rgbd_ros_driver.hpp:7[m[K,
                 from [01m[K/home/ai/work/python/UDP/ros2_ws/build/udp_sender/udp_sender_node_autogen/UVLADIE3JM/../../../../src/udp_sender/src/mainwindow.hpp:5[m[K,
                 from [01m[K/home/ai/work/python/UDP/ros2_ws/build/udp_sender/udp_sender_node_autogen/UVLADIE3JM/moc_mainwindow.cpp:9[m[K,
                 from [01m[K/home/ai/work/python/UDP/ros2_ws/build/udp_sender/udp_sender_node_autogen/mocs_compilation.cpp:2[m[K:
[01m[K/home/ai/work/python/UDP/ros2_ws/src/udp_sender/include/udp_sender/binaryparser.hpp:31:14:[m[K [01;31m[Kerror: [m[Kexpected ‘[01m[K;[m[K’ at end of member declaration
   31 |     uint32_t [01;31m[Kframe_ID[m[K
      |              [01;31m[K^~~~~~~~[m[K
      |                      [32m[K;[m[K
In file included from [01m[K/home/ai/work/python/UDP/ros2_ws/src/udp_sender/include/udp_sender/rgbd_ros_driver.hpp:7[m[K,
                 from [01m[K/home/ai/work/python/UDP/ros2_ws/src/udp_sender/src/mainwindow.hpp:5[m[K,
                 from [01m[K/home/ai/work/python/UDP/ros2_ws/src/udp_sender/src/mainwindow.cpp:1[m[K:
[01m[K/home/ai/work/python/UDP/ros2_ws/src/udp_sender/include/udp_sender/binaryparser.hpp:31:14:[m[K [01;31m[Kerror: [m[Kexpected ‘[01m[K;[m[K’ at end of member declaration
   31 |     uint32_t [01;31m[Kframe_ID[m[K
      |              [01;31m[K^~~~~~~~[m[K
      |                      [32m[K;[m[K
make[2]: *** [CMakeFiles/udp_sender_node.dir/build.make:160: CMakeFiles/udp_sender_node.dir/src/rgbd_ros_driver.cpp.o] Error 1
In file included from [01m[K/home/ai/work/python/UDP/ros2_ws/src/udp_sender/include/udp_sender/rgbd_ros_driver.hpp:7[m[K,
                 from [01m[K/home/ai/work/python/UDP/ros2_ws/src/udp_sender/src/mainwindow.hpp:5[m[K,
                 from [01m[K/home/ai/work/python/UDP/ros2_ws/src/udp_sender/src/main.cpp:17[m[K:
[01m[K/home/ai/work/python/UDP/ros2_ws/src/udp_sender/include/udp_sender/binaryparser.hpp:31:14:[m[K [01;31m[Kerror: [m[Kexpected ‘[01m[K;[m[K’ at end of member declaration
   31 |     uint32_t [01;31m[Kframe_ID[m[K
      |              [01;31m[K^~~~~~~~[m[K
      |                      [32m[K;[m[K
make[2]: *** [CMakeFiles/udp_sender_node.dir/build.make:76: CMakeFiles/udp_sender_node.dir/udp_sender_node_autogen/mocs_compilation.cpp.o] Error 1
make[2]: *** [CMakeFiles/udp_sender_node.dir/build.make:104: CMakeFiles/udp_sender_node.dir/src/mainwindow.cpp.o] Error 1
make[2]: *** [CMakeFiles/udp_sender_node.dir/build.make:90: CMakeFiles/udp_sender_node.dir/src/main.cpp.o] Error 1
make[1]: *** [CMakeFiles/Makefile2:138: CMakeFiles/udp_sender_node.dir/all] Error 2
make: *** [Makefile:146: all] Error 2
