-- Found ament_cmake: 0.9.12 (/opt/ros/foxy/share/ament_cmake/cmake)
-- Using PYTHON_EXECUTABLE: /usr/bin/python3
-- Found rclcpp: 2.4.3 (/opt/ros/foxy/share/rclcpp/cmake)
-- Using all available rosidl_typesupport_c: rosidl_typesupport_fastrtps_c;rosidl_typesupport_introspection_c
-- Found rosidl_adapter: 1.3.1 (/opt/ros/foxy/share/rosidl_adapter/cmake)
-- Using all available rosidl_typesupport_cpp: rosidl_typesupport_fastrtps_cpp;rosidl_typesupport_introspection_cpp
-- Found rmw_implementation_cmake: 1.0.4 (/opt/ros/foxy/share/rmw_implementation_cmake/cmake)
-- Using RMW implementation 'rmw_fastrtps_cpp' as default
-- Configuring done
-- Generating done
-- Build files have been written to: /home/ai/work/python/UDP/ros2_ws/build/udp_sender
[ 11%] [34m[1mAutomatic MOC and UIC for target udp_sender_node[0m

AutoUic error
-------------
"SRC:/src/mainwindow.cpp"
includes the uic file "ui_mainwindow.h",
but the user interface file "mainwindow.ui"
could not be found in the following directories
  "SRC:/src"

make[2]: *** [CMakeFiles/udp_sender_node_autogen.dir/build.make:71: CMakeFiles/udp_sender_node_autogen] Error 1
make[1]: *** [CMakeFiles/Makefile2:164: CMakeFiles/udp_sender_node_autogen.dir/all] Error 2
make: *** [Makefile:146: all] Error 2
