[0.020s] Invoking command in '/home/ai/work/python/UDP/ros2_ws/build/udp_sender': CMAKE_PREFIX_PATH=/opt/ros/foxy /usr/bin/cmake /home/ai/work/python/UDP/ros2_ws/src/udp_sender -DCMAKE_INSTALL_PREFIX=/home/ai/work/python/UDP/ros2_ws/install/udp_sender
[0.050s] -- Found ament_cmake: 0.9.12 (/opt/ros/foxy/share/ament_cmake/cmake)
[0.072s] -- Using PYTHON_EXECUTABLE: /usr/bin/python3
[0.239s] -- Found rclcpp: 2.4.3 (/opt/ros/foxy/share/rclcpp/cmake)
[0.270s] -- Using all available rosidl_typesupport_c: rosidl_typesupport_fastrtps_c;rosidl_typesupport_introspection_c
[0.272s] -- Found rosidl_adapter: 1.3.1 (/opt/ros/foxy/share/rosidl_adapter/cmake)
[0.403s] -- Using all available rosidl_typesupport_cpp: rosidl_typesupport_fastrtps_cpp;rosidl_typesupport_introspection_cpp
[0.435s] -- Found rmw_implementation_cmake: 1.0.4 (/opt/ros/foxy/share/rmw_implementation_cmake/cmake)
[0.435s] -- Using RMW implementation 'rmw_fastrtps_cpp' as default
[0.579s] -- Configuring done
[0.653s] -- Generating done
[0.659s] -- Build files have been written to: /home/ai/work/python/UDP/ros2_ws/build/udp_sender
[0.671s] Invoked command in '/home/ai/work/python/UDP/ros2_ws/build/udp_sender' returned '0': CMAKE_PREFIX_PATH=/opt/ros/foxy /usr/bin/cmake /home/ai/work/python/UDP/ros2_ws/src/udp_sender -DCMAKE_INSTALL_PREFIX=/home/ai/work/python/UDP/ros2_ws/install/udp_sender
[0.676s] Invoking command in '/home/ai/work/python/UDP/ros2_ws/build/udp_sender': CMAKE_PREFIX_PATH=/opt/ros/foxy /usr/bin/cmake --build /home/ai/work/python/UDP/ros2_ws/build/udp_sender -- -j28 -l28
[0.786s] [ 11%] [34m[1mAutomatic MOC and UIC for target udp_sender_node[0m
[0.827s] 
[0.827s] AutoUic error
[0.827s] -------------
[0.828s] "SRC:/src/mainwindow.cpp"
[0.828s] includes the uic file "ui_mainwindow.h",
[0.828s] but the user interface file "mainwindow.ui"
[0.828s] could not be found in the following directories
[0.828s]   "SRC:/src"
[0.828s] 
[0.830s] make[2]: *** [CMakeFiles/udp_sender_node_autogen.dir/build.make:71: CMakeFiles/udp_sender_node_autogen] Error 1
[0.831s] make[1]: *** [CMakeFiles/Makefile2:164: CMakeFiles/udp_sender_node_autogen.dir/all] Error 2
[0.831s] make: *** [Makefile:146: all] Error 2
[0.837s] Invoked command in '/home/ai/work/python/UDP/ros2_ws/build/udp_sender' returned '2': CMAKE_PREFIX_PATH=/opt/ros/foxy /usr/bin/cmake --build /home/ai/work/python/UDP/ros2_ws/build/udp_sender -- -j28 -l28
