[0.024s] Invoking command in '/home/ai/work/python/UDP/ros2_ws/build/udp_sender': CMAKE_PREFIX_PATH=/opt/ros/foxy /usr/bin/cmake /home/ai/work/python/UDP/ros2_ws/src/udp_sender -DCMAKE_INSTALL_PREFIX=/home/ai/work/python/UDP/ros2_ws/install/udp_sender
[0.124s] -- The C compiler identification is GNU 9.4.0
[0.234s] -- The CXX compiler identification is GNU 9.4.0
[0.250s] -- Detecting C compiler ABI info
[0.393s] -- Detecting C compiler ABI info - done
[0.403s] -- Check for working C compiler: /usr/bin/cc - skipped
[0.403s] -- Detecting C compile features
[0.403s] -- Detecting C compile features - done
[0.406s] -- Detecting CXX compiler ABI info
[0.542s] -- Detecting CXX compiler ABI info - done
[0.557s] -- Check for working CXX compiler: /usr/bin/c++ - skipped
[0.558s] -- Detecting CXX compile features
[0.558s] -- Detecting CXX compile features - done
[0.566s] -- Found ament_cmake: 0.9.12 (/opt/ros/foxy/share/ament_cmake/cmake)
[0.610s] -- Found PythonInterp: /usr/bin/python3 (found suitable version "3.8.10", minimum required is "3") 
[0.610s] -- Using PYTHON_EXECUTABLE: /usr/bin/python3
[0.822s] -- Found rclcpp: 2.4.3 (/opt/ros/foxy/share/rclcpp/cmake)
[0.857s] -- Using all available rosidl_typesupport_c: rosidl_typesupport_fastrtps_c;rosidl_typesupport_introspection_c
[0.861s] -- Found rosidl_adapter: 1.3.1 (/opt/ros/foxy/share/rosidl_adapter/cmake)
[1.002s] -- Found OpenSSL: /usr/lib/x86_64-linux-gnu/libcrypto.so (found version "1.1.1f")  
[1.055s] -- Found FastRTPS: /opt/ros/foxy/include  
[1.135s] -- Using all available rosidl_typesupport_cpp: rosidl_typesupport_fastrtps_cpp;rosidl_typesupport_introspection_cpp
[1.170s] -- Found rmw_implementation_cmake: 1.0.4 (/opt/ros/foxy/share/rmw_implementation_cmake/cmake)
[1.171s] -- Using RMW implementation 'rmw_fastrtps_cpp' as default
[1.172s] -- Looking for pthread.h
[1.304s] -- Looking for pthread.h - found
[1.304s] -- Performing Test CMAKE_HAVE_LIBC_PTHREAD
[1.462s] -- Performing Test CMAKE_HAVE_LIBC_PTHREAD - Failed
[1.463s] -- Looking for pthread_create in pthreads
[1.594s] -- Looking for pthread_create in pthreads - not found
[1.594s] -- Looking for pthread_create in pthread
[1.748s] -- Looking for pthread_create in pthread - found
[1.750s] -- Found Threads: TRUE  
[1.882s] -- Found Boost: /usr/lib/x86_64-linux-gnu/cmake/Boost-1.71.0/BoostConfig.cmake (found version "1.71.0") found components: system 
[1.952s] -- Configuring done
[1.957s] [31mCMake Error at CMakeLists.txt:34 (add_executable):
[1.957s]   Cannot find source file:
[1.958s] 
[1.958s]     ui/mainwindow.ui
[1.958s] 
[1.958s]   Tried extensions .c .C .c++ .cc .cpp .cxx .cu .mpp .m .M .mm .ixx .cppm .h
[1.958s]   .hh .h++ .hm .hpp .hxx .in .txx .f .F .for .f77 .f90 .f95 .f03 .hip .ispc
[1.958s] 
[1.958s] [0m
[2.023s] -- Generating done
[2.025s] [0mCMake Generate step failed.  Build files cannot be regenerated correctly.[0m
[2.038s] Invoked command in '/home/ai/work/python/UDP/ros2_ws/build/udp_sender' returned '1': CMAKE_PREFIX_PATH=/opt/ros/foxy /usr/bin/cmake /home/ai/work/python/UDP/ros2_ws/src/udp_sender -DCMAKE_INSTALL_PREFIX=/home/ai/work/python/UDP/ros2_ws/install/udp_sender
