[01m[K/home/ai/work/python/UDP/ros2_ws/src/udp_sender/src/rgbd_ros_driver.cpp:[m[K In constructor ‘[01m[Krgbd_ros_driver::rgbd_ros_driver(const string&, short unsigned int)[m[K’:
[01m[K/home/ai/work/python/UDP/ros2_ws/src/udp_sender/src/rgbd_ros_driver.cpp:9:7:[m[K [01;31m[Kerror: [m[Kclass ‘[01m[Krgbd_ros_driver[m[K’ does not have any field named ‘[01m[Knode_[m[K’
    9 |       [01;31m[Knode_[m[K(rclcpp::Node::make_shared("udp_sender_node")),
      |       [01;31m[K^~~~~[m[K
[01m[K/home/ai/work/python/UDP/ros2_ws/src/udp_sender/src/rgbd_ros_driver.cpp:10:16:[m[K [01;31m[Kerror: [m[K‘[01m[Knode_[m[K’ was not declared in this scope; did you mean ‘[01m[Kmode_t[m[K’?
   10 |       handler_([01;31m[Knode_[m[K)  // Handler에 노드 전달
      |                [01;31m[K^~~~~[m[K
      |                [32m[Kmode_t[m[K
[01m[K/home/ai/work/python/UDP/ros2_ws/src/udp_sender/src/rgbd_ros_driver.cpp:[m[K In member function ‘[01m[Kvoid rgbd_ros_driver::start()[m[K’:
[01m[K/home/ai/work/python/UDP/ros2_ws/src/udp_sender/src/rgbd_ros_driver.cpp:26:5:[m[K [01;31m[Kerror: [m[K‘[01m[Knode_thread_[m[K’ was not declared in this scope; did you mean ‘[01m[Kio_thread_[m[K’?
   26 |     [01;31m[Knode_thread_[m[K = std::thread([]() {
      |     [01;31m[K^~~~~~~~~~~~[m[K
      |     [32m[Kio_thread_[m[K
[01m[K/home/ai/work/python/UDP/ros2_ws/src/udp_sender/src/rgbd_ros_driver.cpp:[m[K In member function ‘[01m[Kvoid rgbd_ros_driver::stop()[m[K’:
[01m[K/home/ai/work/python/UDP/ros2_ws/src/udp_sender/src/rgbd_ros_driver.cpp:36:9:[m[K [01;31m[Kerror: [m[K‘[01m[Knode_thread_[m[K’ was not declared in this scope; did you mean ‘[01m[Kio_thread_[m[K’?
   36 |     if ([01;31m[Knode_thread_[m[K.joinable())
      |         [01;31m[K^~~~~~~~~~~~[m[K
      |         [32m[Kio_thread_[m[K
make[2]: *** [CMakeFiles/udp_sender_node.dir/build.make:160: CMakeFiles/udp_sender_node.dir/src/rgbd_ros_driver.cpp.o] Error 1
make[2]: *** Waiting for unfinished jobs....
make[1]: *** [CMakeFiles/Makefile2:138: CMakeFiles/udp_sender_node.dir/all] Error 2
make: *** [Makefile:146: all] Error 2
