[0.022s] Invoking command in '/home/ai/work/python/UDP/ros2_ws/build/udp_sender': CMAKE_PREFIX_PATH=${CMAKE_PREFIX_PATH}:/opt/ros/foxy /usr/bin/cmake --build /home/ai/work/python/UDP/ros2_ws/build/udp_sender -- -j28 -l28
[0.110s] [ 11%] [34m[1mAutomatic MOC and UIC for target udp_sender_node[0m
[0.135s] [ 11%] Built target udp_sender_node_autogen
[0.203s] [ 22%] [32mBuilding CXX object CMakeFiles/udp_sender_node.dir/src/rgbd_ros_driver.cpp.o[0m
[0.205s] [ 33%] [32mBuilding CXX object CMakeFiles/udp_sender_node.dir/udp_sender_node_autogen/mocs_compilation.cpp.o[0m
[0.207s] [ 44%] [32mBuilding CXX object CMakeFiles/udp_sender_node.dir/src/main.cpp.o[0m
[0.208s] [ 55%] [32mBuilding CXX object CMakeFiles/udp_sender_node.dir/src/mainwindow.cpp.o[0m
[2.012s] [01m[K/home/ai/work/python/UDP/ros2_ws/src/udp_sender/src/rgbd_ros_driver.cpp:[m[K In constructor ‘[01m[Krgbd_ros_driver::rgbd_ros_driver(const string&, short unsigned int)[m[K’:
[2.013s] [01m[K/home/ai/work/python/UDP/ros2_ws/src/udp_sender/src/rgbd_ros_driver.cpp:9:7:[m[K [01;31m[Kerror: [m[Kclass ‘[01m[Krgbd_ros_driver[m[K’ does not have any field named ‘[01m[Knode_[m[K’
[2.013s]     9 |       [01;31m[Knode_[m[K(rclcpp::Node::make_shared("udp_sender_node")),
[2.013s]       |       [01;31m[K^~~~~[m[K
[2.015s] [01m[K/home/ai/work/python/UDP/ros2_ws/src/udp_sender/src/rgbd_ros_driver.cpp:10:16:[m[K [01;31m[Kerror: [m[K‘[01m[Knode_[m[K’ was not declared in this scope; did you mean ‘[01m[Kmode_t[m[K’?
[2.015s]    10 |       handler_([01;31m[Knode_[m[K)  // Handler에 노드 전달
[2.016s]       |                [01;31m[K^~~~~[m[K
[2.016s]       |                [32m[Kmode_t[m[K
[2.020s] [01m[K/home/ai/work/python/UDP/ros2_ws/src/udp_sender/src/rgbd_ros_driver.cpp:[m[K In member function ‘[01m[Kvoid rgbd_ros_driver::start()[m[K’:
[2.020s] [01m[K/home/ai/work/python/UDP/ros2_ws/src/udp_sender/src/rgbd_ros_driver.cpp:26:5:[m[K [01;31m[Kerror: [m[K‘[01m[Knode_thread_[m[K’ was not declared in this scope; did you mean ‘[01m[Kio_thread_[m[K’?
[2.020s]    26 |     [01;31m[Knode_thread_[m[K = std::thread([]() {
[2.021s]       |     [01;31m[K^~~~~~~~~~~~[m[K
[2.021s]       |     [32m[Kio_thread_[m[K
[2.024s] [01m[K/home/ai/work/python/UDP/ros2_ws/src/udp_sender/src/rgbd_ros_driver.cpp:[m[K In member function ‘[01m[Kvoid rgbd_ros_driver::stop()[m[K’:
[2.024s] [01m[K/home/ai/work/python/UDP/ros2_ws/src/udp_sender/src/rgbd_ros_driver.cpp:36:9:[m[K [01;31m[Kerror: [m[K‘[01m[Knode_thread_[m[K’ was not declared in this scope; did you mean ‘[01m[Kio_thread_[m[K’?
[2.024s]    36 |     if ([01;31m[Knode_thread_[m[K.joinable())
[2.024s]       |         [01;31m[K^~~~~~~~~~~~[m[K
[2.024s]       |         [32m[Kio_thread_[m[K
[2.691s] make[2]: *** [CMakeFiles/udp_sender_node.dir/build.make:160: CMakeFiles/udp_sender_node.dir/src/rgbd_ros_driver.cpp.o] Error 1
[2.691s] make[2]: *** Waiting for unfinished jobs....
[3.185s] make[1]: *** [CMakeFiles/Makefile2:138: CMakeFiles/udp_sender_node.dir/all] Error 2
[3.186s] make: *** [Makefile:146: all] Error 2
[3.191s] Invoked command in '/home/ai/work/python/UDP/ros2_ws/build/udp_sender' returned '2': CMAKE_PREFIX_PATH=${CMAKE_PREFIX_PATH}:/opt/ros/foxy /usr/bin/cmake --build /home/ai/work/python/UDP/ros2_ws/build/udp_sender -- -j28 -l28
