[0.157s] DEBUG:colcon:Command line arguments: ['/usr/bin/colcon', 'build', '--packages-select', 'udp_sender']
[0.158s] DEBUG:colcon:Parsed command line arguments: Namespace(allow_overriding=[], ament_cmake_args=None, base_paths=['.'], build_base='build', catkin_cmake_args=None, catkin_skip_building_tests=False, cmake_args=None, cmake_clean_cache=False, cmake_clean_first=False, cmake_force_configure=False, cmake_target=None, cmake_target_skip_unavailable=False, continue_on_error=False, event_handlers=None, executor='parallel', ignore_user_meta=False, install_base='install', log_base=None, log_level=None, main=<bound method BuildVerb.main of <colcon_core.verb.build.BuildVerb object at 0x7f8a2a525f10>>, merge_install=False, metas=['./colcon.meta'], mixin=None, mixin_files=None, mixin_verb=('build',), packages_above=None, packages_above_and_dependencies=None, packages_above_depth=None, packages_end=None, packages_ignore=None, packages_ignore_regex=None, packages_select=['udp_sender'], packages_select_build_failed=False, packages_select_by_dep=None, packages_select_regex=None, packages_select_test_failures=False, packages_skip=None, packages_skip_build_finished=False, packages_skip_by_dep=None, packages_skip_regex=None, packages_skip_test_passed=False, packages_skip_up_to=None, packages_start=None, packages_up_to=None, packages_up_to_regex=None, parallel_workers=28, paths=None, symlink_install=False, test_result_base=None, verb_extension=<colcon_core.verb.build.BuildVerb object at 0x7f8a2a525f10>, verb_name='build', verb_parser=<colcon_mixin.mixin.mixin_argument.MixinArgumentDecorator object at 0x7f8a2a52d670>)
[0.271s] Level 1:colcon.colcon_core.package_discovery:discover_packages(colcon_meta) check parameters
[0.271s] Level 1:colcon.colcon_core.package_discovery:discover_packages(recursive) check parameters
[0.271s] Level 1:colcon.colcon_core.package_discovery:discover_packages(ignore) check parameters
[0.271s] Level 1:colcon.colcon_core.package_discovery:discover_packages(path) check parameters
[0.271s] Level 1:colcon.colcon_core.package_discovery:discover_packages(colcon_meta) discover
[0.271s] Level 1:colcon.colcon_core.package_discovery:discover_packages(recursive) discover
[0.271s] INFO:colcon.colcon_core.package_discovery:Crawling recursively for packages in '/home/ai/work/python/UDP/ros2_ws'
[0.271s] Level 1:colcon.colcon_core.package_identification:_identify(.) by extensions ['ignore', 'ignore_ament_install']
[0.271s] Level 1:colcon.colcon_core.package_identification:_identify(.) by extension 'ignore'
[0.271s] Level 1:colcon.colcon_core.package_identification:_identify(.) by extension 'ignore_ament_install'
[0.271s] Level 1:colcon.colcon_core.package_identification:_identify(.) by extensions ['colcon_pkg']
[0.271s] Level 1:colcon.colcon_core.package_identification:_identify(.) by extension 'colcon_pkg'
[0.272s] Level 1:colcon.colcon_core.package_identification:_identify(.) by extensions ['colcon_meta']
[0.272s] Level 1:colcon.colcon_core.package_identification:_identify(.) by extension 'colcon_meta'
[0.272s] Level 1:colcon.colcon_core.package_identification:_identify(.) by extensions ['ros']
[0.272s] Level 1:colcon.colcon_core.package_identification:_identify(.) by extension 'ros'
[0.280s] Level 1:colcon.colcon_core.package_identification:_identify(.) by extensions ['cmake', 'python']
[0.280s] Level 1:colcon.colcon_core.package_identification:_identify(.) by extension 'cmake'
[0.280s] Level 1:colcon.colcon_core.package_identification:_identify(.) by extension 'python'
[0.280s] Level 1:colcon.colcon_core.package_identification:_identify(.) by extensions ['python_setup_py']
[0.280s] Level 1:colcon.colcon_core.package_identification:_identify(.) by extension 'python_setup_py'
[0.280s] Level 1:colcon.colcon_core.package_identification:_identify(build) by extensions ['ignore', 'ignore_ament_install']
[0.280s] Level 1:colcon.colcon_core.package_identification:_identify(build) by extension 'ignore'
[0.281s] Level 1:colcon.colcon_core.package_identification:_identify(build) ignored
[0.281s] Level 1:colcon.colcon_core.package_identification:_identify(install) by extensions ['ignore', 'ignore_ament_install']
[0.281s] Level 1:colcon.colcon_core.package_identification:_identify(install) by extension 'ignore'
[0.281s] Level 1:colcon.colcon_core.package_identification:_identify(install) ignored
[0.281s] Level 1:colcon.colcon_core.package_identification:_identify(log) by extensions ['ignore', 'ignore_ament_install']
[0.281s] Level 1:colcon.colcon_core.package_identification:_identify(log) by extension 'ignore'
[0.281s] Level 1:colcon.colcon_core.package_identification:_identify(log) ignored
[0.281s] Level 1:colcon.colcon_core.package_identification:_identify(src) by extensions ['ignore', 'ignore_ament_install']
[0.281s] Level 1:colcon.colcon_core.package_identification:_identify(src) by extension 'ignore'
[0.281s] Level 1:colcon.colcon_core.package_identification:_identify(src) by extension 'ignore_ament_install'
[0.281s] Level 1:colcon.colcon_core.package_identification:_identify(src) by extensions ['colcon_pkg']
[0.281s] Level 1:colcon.colcon_core.package_identification:_identify(src) by extension 'colcon_pkg'
[0.281s] Level 1:colcon.colcon_core.package_identification:_identify(src) by extensions ['colcon_meta']
[0.281s] Level 1:colcon.colcon_core.package_identification:_identify(src) by extension 'colcon_meta'
[0.281s] Level 1:colcon.colcon_core.package_identification:_identify(src) by extensions ['ros']
[0.281s] Level 1:colcon.colcon_core.package_identification:_identify(src) by extension 'ros'
[0.281s] Level 1:colcon.colcon_core.package_identification:_identify(src) by extensions ['cmake', 'python']
[0.281s] Level 1:colcon.colcon_core.package_identification:_identify(src) by extension 'cmake'
[0.281s] Level 1:colcon.colcon_core.package_identification:_identify(src) by extension 'python'
[0.281s] Level 1:colcon.colcon_core.package_identification:_identify(src) by extensions ['python_setup_py']
[0.281s] Level 1:colcon.colcon_core.package_identification:_identify(src) by extension 'python_setup_py'
[0.281s] Level 1:colcon.colcon_core.package_identification:_identify(src/udp_sender) by extensions ['ignore', 'ignore_ament_install']
[0.281s] Level 1:colcon.colcon_core.package_identification:_identify(src/udp_sender) by extension 'ignore'
[0.282s] Level 1:colcon.colcon_core.package_identification:_identify(src/udp_sender) by extension 'ignore_ament_install'
[0.282s] Level 1:colcon.colcon_core.package_identification:_identify(src/udp_sender) by extensions ['colcon_pkg']
[0.282s] Level 1:colcon.colcon_core.package_identification:_identify(src/udp_sender) by extension 'colcon_pkg'
[0.282s] Level 1:colcon.colcon_core.package_identification:_identify(src/udp_sender) by extensions ['colcon_meta']
[0.282s] Level 1:colcon.colcon_core.package_identification:_identify(src/udp_sender) by extension 'colcon_meta'
[0.282s] Level 1:colcon.colcon_core.package_identification:_identify(src/udp_sender) by extensions ['ros']
[0.282s] Level 1:colcon.colcon_core.package_identification:_identify(src/udp_sender) by extension 'ros'
[0.284s] DEBUG:colcon.colcon_core.package_identification:Package 'src/udp_sender' with type 'ros.ament_cmake' and name 'udp_sender'
[0.284s] Level 1:colcon.colcon_core.package_discovery:discover_packages(recursive) using defaults
[0.284s] Level 1:colcon.colcon_core.package_discovery:discover_packages(ignore) discover
[0.284s] Level 1:colcon.colcon_core.package_discovery:discover_packages(ignore) using defaults
[0.284s] Level 1:colcon.colcon_core.package_discovery:discover_packages(path) discover
[0.284s] Level 1:colcon.colcon_core.package_discovery:discover_packages(path) using defaults
[0.296s] Level 1:colcon.colcon_core.package_discovery:discover_packages(prefix_path) check parameters
[0.296s] Level 1:colcon.colcon_core.package_discovery:discover_packages(prefix_path) discover
[0.298s] DEBUG:colcon.colcon_installed_package_information.package_discovery:Found 257 installed packages in /opt/ros/foxy
[0.309s] Level 1:colcon.colcon_core.package_discovery:discover_packages(prefix_path) using defaults
[0.354s] Level 5:colcon.colcon_core.verb:set package 'udp_sender' build argument 'cmake_args' from command line to 'None'
[0.354s] Level 5:colcon.colcon_core.verb:set package 'udp_sender' build argument 'cmake_target' from command line to 'None'
[0.354s] Level 5:colcon.colcon_core.verb:set package 'udp_sender' build argument 'cmake_target_skip_unavailable' from command line to 'False'
[0.354s] Level 5:colcon.colcon_core.verb:set package 'udp_sender' build argument 'cmake_clean_cache' from command line to 'False'
[0.354s] Level 5:colcon.colcon_core.verb:set package 'udp_sender' build argument 'cmake_clean_first' from command line to 'False'
[0.354s] Level 5:colcon.colcon_core.verb:set package 'udp_sender' build argument 'cmake_force_configure' from command line to 'False'
[0.354s] Level 5:colcon.colcon_core.verb:set package 'udp_sender' build argument 'ament_cmake_args' from command line to 'None'
[0.354s] Level 5:colcon.colcon_core.verb:set package 'udp_sender' build argument 'catkin_cmake_args' from command line to 'None'
[0.354s] Level 5:colcon.colcon_core.verb:set package 'udp_sender' build argument 'catkin_skip_building_tests' from command line to 'False'
[0.354s] DEBUG:colcon.colcon_core.verb:Building package 'udp_sender' with the following arguments: {'ament_cmake_args': None, 'build_base': '/home/ai/work/python/UDP/ros2_ws/build/udp_sender', 'catkin_cmake_args': None, 'catkin_skip_building_tests': False, 'cmake_args': None, 'cmake_clean_cache': False, 'cmake_clean_first': False, 'cmake_force_configure': False, 'cmake_target': None, 'cmake_target_skip_unavailable': False, 'install_base': '/home/ai/work/python/UDP/ros2_ws/install/udp_sender', 'merge_install': False, 'path': '/home/ai/work/python/UDP/ros2_ws/src/udp_sender', 'symlink_install': False, 'test_result_base': None}
[0.354s] INFO:colcon.colcon_core.executor:Executing jobs using 'parallel' executor
[0.355s] DEBUG:colcon.colcon_parallel_executor.executor.parallel:run_until_complete
[0.355s] INFO:colcon.colcon_ros.task.ament_cmake.build:Building ROS package in '/home/ai/work/python/UDP/ros2_ws/src/udp_sender' with build type 'ament_cmake'
[0.355s] INFO:colcon.colcon_cmake.task.cmake.build:Building CMake package in '/home/ai/work/python/UDP/ros2_ws/src/udp_sender'
[0.357s] INFO:colcon.colcon_core.plugin_system:Skipping extension 'colcon_core.shell.bat': Not used on non-Windows systems
[0.357s] INFO:colcon.colcon_core.shell:Skip shell extension 'powershell' for command environment: Not usable outside of PowerShell
[0.357s] DEBUG:colcon.colcon_core.shell:Skip shell extension 'dsv' for command environment
[0.371s] DEBUG:colcon.colcon_core.event_handler.log_command:Invoking command in '/home/ai/work/python/UDP/ros2_ws/build/udp_sender': CMAKE_PREFIX_PATH=/opt/ros/foxy /usr/bin/cmake --build /home/ai/work/python/UDP/ros2_ws/build/udp_sender -- -j28 -l28
[3.752s] DEBUG:colcon.colcon_core.event_handler.log_command:Invoked command in '/home/ai/work/python/UDP/ros2_ws/build/udp_sender' returned '0': CMAKE_PREFIX_PATH=/opt/ros/foxy /usr/bin/cmake --build /home/ai/work/python/UDP/ros2_ws/build/udp_sender -- -j28 -l28
[3.776s] DEBUG:colcon.colcon_core.event_handler.log_command:Invoking command in '/home/ai/work/python/UDP/ros2_ws/build/udp_sender': CMAKE_PREFIX_PATH=/opt/ros/foxy /usr/bin/cmake --install /home/ai/work/python/UDP/ros2_ws/build/udp_sender
[3.798s] Level 1:colcon.colcon_core.environment:create_environment_scripts_only(udp_sender)
[3.799s] DEBUG:colcon.colcon_core.event_handler.log_command:Invoked command in '/home/ai/work/python/UDP/ros2_ws/build/udp_sender' returned '0': CMAKE_PREFIX_PATH=/opt/ros/foxy /usr/bin/cmake --install /home/ai/work/python/UDP/ros2_ws/build/udp_sender
[3.805s] Level 1:colcon.colcon_core.environment:checking '/home/ai/work/python/UDP/ros2_ws/install/udp_sender' for CMake module files
[3.806s] Level 1:colcon.colcon_core.environment:checking '/home/ai/work/python/UDP/ros2_ws/install/udp_sender' for CMake config files
[3.807s] Level 1:colcon.colcon_core.shell:create_environment_hook('udp_sender', 'cmake_prefix_path')
[3.807s] INFO:colcon.colcon_core.shell:Creating environment hook '/home/ai/work/python/UDP/ros2_ws/install/udp_sender/share/udp_sender/hook/cmake_prefix_path.ps1'
[3.809s] INFO:colcon.colcon_core.shell:Creating environment descriptor '/home/ai/work/python/UDP/ros2_ws/install/udp_sender/share/udp_sender/hook/cmake_prefix_path.dsv'
[3.810s] INFO:colcon.colcon_core.shell:Creating environment hook '/home/ai/work/python/UDP/ros2_ws/install/udp_sender/share/udp_sender/hook/cmake_prefix_path.sh'
[3.811s] Level 1:colcon.colcon_core.environment:checking '/home/ai/work/python/UDP/ros2_ws/install/udp_sender/lib'
[3.812s] Level 1:colcon.colcon_core.environment:checking '/home/ai/work/python/UDP/ros2_ws/install/udp_sender/bin'
[3.812s] Level 1:colcon.colcon_core.environment:checking '/home/ai/work/python/UDP/ros2_ws/install/udp_sender/lib/pkgconfig/udp_sender.pc'
[3.812s] Level 1:colcon.colcon_core.environment:checking '/home/ai/work/python/UDP/ros2_ws/install/udp_sender/lib/python3.8/site-packages'
[3.813s] Level 1:colcon.colcon_core.environment:checking '/home/ai/work/python/UDP/ros2_ws/install/udp_sender/bin'
[3.813s] INFO:colcon.colcon_core.shell:Creating package script '/home/ai/work/python/UDP/ros2_ws/install/udp_sender/share/udp_sender/package.ps1'
[3.815s] INFO:colcon.colcon_core.shell:Creating package descriptor '/home/ai/work/python/UDP/ros2_ws/install/udp_sender/share/udp_sender/package.dsv'
[3.816s] INFO:colcon.colcon_core.shell:Creating package script '/home/ai/work/python/UDP/ros2_ws/install/udp_sender/share/udp_sender/package.sh'
[3.817s] INFO:colcon.colcon_core.shell:Creating package script '/home/ai/work/python/UDP/ros2_ws/install/udp_sender/share/udp_sender/package.bash'
[3.819s] INFO:colcon.colcon_core.shell:Creating package script '/home/ai/work/python/UDP/ros2_ws/install/udp_sender/share/udp_sender/package.zsh'
[3.820s] Level 1:colcon.colcon_core.environment:create_file_with_runtime_dependencies(/home/ai/work/python/UDP/ros2_ws/install/udp_sender/share/colcon-core/packages/udp_sender)
[3.821s] Level 1:colcon.colcon_core.environment:create_environment_scripts_only(udp_sender)
[3.821s] Level 1:colcon.colcon_core.environment:checking '/home/ai/work/python/UDP/ros2_ws/install/udp_sender' for CMake module files
[3.822s] Level 1:colcon.colcon_core.environment:checking '/home/ai/work/python/UDP/ros2_ws/install/udp_sender' for CMake config files
[3.822s] Level 1:colcon.colcon_core.shell:create_environment_hook('udp_sender', 'cmake_prefix_path')
[3.823s] INFO:colcon.colcon_core.shell:Creating environment hook '/home/ai/work/python/UDP/ros2_ws/install/udp_sender/share/udp_sender/hook/cmake_prefix_path.ps1'
[3.823s] INFO:colcon.colcon_core.shell:Creating environment descriptor '/home/ai/work/python/UDP/ros2_ws/install/udp_sender/share/udp_sender/hook/cmake_prefix_path.dsv'
[3.824s] INFO:colcon.colcon_core.shell:Creating environment hook '/home/ai/work/python/UDP/ros2_ws/install/udp_sender/share/udp_sender/hook/cmake_prefix_path.sh'
[3.825s] Level 1:colcon.colcon_core.environment:checking '/home/ai/work/python/UDP/ros2_ws/install/udp_sender/lib'
[3.825s] Level 1:colcon.colcon_core.environment:checking '/home/ai/work/python/UDP/ros2_ws/install/udp_sender/bin'
[3.825s] Level 1:colcon.colcon_core.environment:checking '/home/ai/work/python/UDP/ros2_ws/install/udp_sender/lib/pkgconfig/udp_sender.pc'
[3.825s] Level 1:colcon.colcon_core.environment:checking '/home/ai/work/python/UDP/ros2_ws/install/udp_sender/lib/python3.8/site-packages'
[3.825s] Level 1:colcon.colcon_core.environment:checking '/home/ai/work/python/UDP/ros2_ws/install/udp_sender/bin'
[3.826s] INFO:colcon.colcon_core.shell:Creating package script '/home/ai/work/python/UDP/ros2_ws/install/udp_sender/share/udp_sender/package.ps1'
[3.827s] INFO:colcon.colcon_core.shell:Creating package descriptor '/home/ai/work/python/UDP/ros2_ws/install/udp_sender/share/udp_sender/package.dsv'
[3.827s] INFO:colcon.colcon_core.shell:Creating package script '/home/ai/work/python/UDP/ros2_ws/install/udp_sender/share/udp_sender/package.sh'
[3.828s] INFO:colcon.colcon_core.shell:Creating package script '/home/ai/work/python/UDP/ros2_ws/install/udp_sender/share/udp_sender/package.bash'
[3.829s] INFO:colcon.colcon_core.shell:Creating package script '/home/ai/work/python/UDP/ros2_ws/install/udp_sender/share/udp_sender/package.zsh'
[3.829s] Level 1:colcon.colcon_core.environment:create_file_with_runtime_dependencies(/home/ai/work/python/UDP/ros2_ws/install/udp_sender/share/colcon-core/packages/udp_sender)
[3.830s] DEBUG:colcon.colcon_parallel_executor.executor.parallel:closing loop
[3.830s] DEBUG:colcon.colcon_parallel_executor.executor.parallel:loop closed
[3.830s] DEBUG:colcon.colcon_parallel_executor.executor.parallel:run_until_complete finished with '0'
[3.830s] DEBUG:colcon.colcon_core.event_reactor:joining thread
[3.842s] INFO:colcon.colcon_core.plugin_system:Skipping extension 'colcon_notification.desktop_notification.terminal_notifier': Not used on non-Darwin systems
[3.842s] INFO:colcon.colcon_core.plugin_system:Skipping extension 'colcon_notification.desktop_notification.win32': Not used on non-Windows systems
[3.842s] INFO:colcon.colcon_notification.desktop_notification:Sending desktop notification using 'notify2'
[3.861s] DEBUG:colcon.colcon_core.event_reactor:joined thread
[3.862s] INFO:colcon.colcon_core.shell:Creating prefix script '/home/ai/work/python/UDP/ros2_ws/install/local_setup.ps1'
[3.863s] INFO:colcon.colcon_core.shell:Creating prefix util module '/home/ai/work/python/UDP/ros2_ws/install/_local_setup_util_ps1.py'
[3.864s] INFO:colcon.colcon_core.shell:Creating prefix chain script '/home/ai/work/python/UDP/ros2_ws/install/setup.ps1'
[3.865s] INFO:colcon.colcon_core.shell:Creating prefix script '/home/ai/work/python/UDP/ros2_ws/install/local_setup.sh'
[3.866s] INFO:colcon.colcon_core.shell:Creating prefix util module '/home/ai/work/python/UDP/ros2_ws/install/_local_setup_util_sh.py'
[3.866s] INFO:colcon.colcon_core.shell:Creating prefix chain script '/home/ai/work/python/UDP/ros2_ws/install/setup.sh'
[3.867s] INFO:colcon.colcon_core.shell:Creating prefix script '/home/ai/work/python/UDP/ros2_ws/install/local_setup.bash'
[3.867s] INFO:colcon.colcon_core.shell:Creating prefix chain script '/home/ai/work/python/UDP/ros2_ws/install/setup.bash'
[3.868s] INFO:colcon.colcon_core.shell:Creating prefix script '/home/ai/work/python/UDP/ros2_ws/install/local_setup.zsh'
[3.868s] INFO:colcon.colcon_core.shell:Creating prefix chain script '/home/ai/work/python/UDP/ros2_ws/install/setup.zsh'
