[0.027s] Invoking command in '/home/ai/work/python/UDP/ros2_ws/build/udp_sender': CMAKE_PREFIX_PATH=${CMAKE_PREFIX_PATH}:/opt/ros/foxy /usr/bin/cmake --build /home/ai/work/python/UDP/ros2_ws/build/udp_sender -- -j28 -l28
[0.127s] [ 11%] [34m[1mAutomatic MOC and UIC for target udp_sender_node[0m
[0.163s] [ 11%] Built target udp_sender_node_autogen
[0.197s] [35m[1mConsolidate compiler generated dependencies of target udp_sender_node[0m
[0.269s] [ 22%] [32mBuilding CXX object CMakeFiles/udp_sender_node.dir/src/binaryparser.cpp.o[0m
[0.834s] [ 33%] [32m[1mLinking CXX executable udp_sender_node[0m
[1.338s] [100%] Built target udp_sender_node
[1.364s] Invoked command in '/home/ai/work/python/UDP/ros2_ws/build/udp_sender' returned '0': CMAKE_PREFIX_PATH=${CMAKE_PREFIX_PATH}:/opt/ros/foxy /usr/bin/cmake --build /home/ai/work/python/UDP/ros2_ws/build/udp_sender -- -j28 -l28
[1.390s] Invoking command in '/home/ai/work/python/UDP/ros2_ws/build/udp_sender': CMAKE_PREFIX_PATH=${CMAKE_PREFIX_PATH}:/opt/ros/foxy /usr/bin/cmake --install /home/ai/work/python/UDP/ros2_ws/build/udp_sender
[1.402s] -- Install configuration: ""
[1.402s] -- Installing: /home/ai/work/python/UDP/ros2_ws/install/udp_sender/lib/udp_sender/udp_sender_node
[1.403s] -- Set runtime path of "/home/ai/work/python/UDP/ros2_ws/install/udp_sender/lib/udp_sender/udp_sender_node" to ""
[1.404s] -- Up-to-date: /home/ai/work/python/UDP/ros2_ws/install/udp_sender/share/ament_index/resource_index/package_run_dependencies/udp_sender
[1.405s] -- Up-to-date: /home/ai/work/python/UDP/ros2_ws/install/udp_sender/share/ament_index/resource_index/parent_prefix_path/udp_sender
[1.405s] -- Up-to-date: /home/ai/work/python/UDP/ros2_ws/install/udp_sender/share/udp_sender/environment/ament_prefix_path.sh
[1.405s] -- Up-to-date: /home/ai/work/python/UDP/ros2_ws/install/udp_sender/share/udp_sender/environment/ament_prefix_path.dsv
[1.405s] -- Up-to-date: /home/ai/work/python/UDP/ros2_ws/install/udp_sender/share/udp_sender/environment/path.sh
[1.405s] -- Up-to-date: /home/ai/work/python/UDP/ros2_ws/install/udp_sender/share/udp_sender/environment/path.dsv
[1.406s] -- Up-to-date: /home/ai/work/python/UDP/ros2_ws/install/udp_sender/share/udp_sender/local_setup.bash
[1.406s] -- Up-to-date: /home/ai/work/python/UDP/ros2_ws/install/udp_sender/share/udp_sender/local_setup.sh
[1.406s] -- Up-to-date: /home/ai/work/python/UDP/ros2_ws/install/udp_sender/share/udp_sender/local_setup.zsh
[1.407s] -- Up-to-date: /home/ai/work/python/UDP/ros2_ws/install/udp_sender/share/udp_sender/local_setup.dsv
[1.408s] -- Installing: /home/ai/work/python/UDP/ros2_ws/install/udp_sender/share/udp_sender/package.dsv
[1.408s] -- Up-to-date: /home/ai/work/python/UDP/ros2_ws/install/udp_sender/share/ament_index/resource_index/packages/udp_sender
[1.409s] -- Up-to-date: /home/ai/work/python/UDP/ros2_ws/install/udp_sender/share/udp_sender/cmake/udp_senderConfig.cmake
[1.409s] -- Up-to-date: /home/ai/work/python/UDP/ros2_ws/install/udp_sender/share/udp_sender/cmake/udp_senderConfig-version.cmake
[1.409s] -- Up-to-date: /home/ai/work/python/UDP/ros2_ws/install/udp_sender/share/udp_sender/package.xml
[1.410s] Invoked command in '/home/ai/work/python/UDP/ros2_ws/build/udp_sender' returned '0': CMAKE_PREFIX_PATH=${CMAKE_PREFIX_PATH}:/opt/ros/foxy /usr/bin/cmake --install /home/ai/work/python/UDP/ros2_ws/build/udp_sender
