[0.014s] Invoking command in '/home/ai/work/python/UDP/ros_driver/build/udp_sender': CMAKE_PREFIX_PATH=${CMAKE_PREFIX_PATH}:/opt/ros/foxy /usr/bin/cmake /home/ai/work/python/UDP/ros_driver/src/udp_sender -DCMAKE_INSTALL_PREFIX=/home/ai/work/python/UDP/ros_driver/install/udp_sender
[0.129s] -- The C compiler identification is GNU 9.4.0
[0.245s] -- The CXX compiler identification is GNU 9.4.0
[0.262s] -- Detecting C compiler ABI info
[0.408s] -- Detecting C compiler ABI info - done
[0.427s] -- Check for working C compiler: /usr/bin/cc - skipped
[0.428s] -- Detecting C compile features
[0.428s] -- Detecting C compile features - done
[0.433s] -- Detecting CXX compiler ABI info
[0.601s] -- Detecting CXX compiler ABI info - done
[0.621s] -- Check for working CXX compiler: /usr/bin/c++ - skipped
[0.621s] -- Detecting CXX compile features
[0.622s] -- Detecting CXX compile features - done
[0.625s] -- Found ament_cmake: 0.9.12 (/opt/ros/foxy/share/ament_cmake/cmake)
[0.670s] -- Found PythonInterp: /home/ai/anaconda3/bin/python3 (found suitable version "3.11.5", minimum required is "3") 
[0.670s] -- Using PYTHON_EXECUTABLE: /home/ai/anaconda3/bin/python3
[0.895s] -- Found rclcpp: 2.4.3 (/opt/ros/foxy/share/rclcpp/cmake)
[0.927s] -- Using all available rosidl_typesupport_c: rosidl_typesupport_fastrtps_c;rosidl_typesupport_introspection_c
[0.932s] -- Found rosidl_adapter: 1.3.1 (/opt/ros/foxy/share/rosidl_adapter/cmake)
[1.059s] -- Found OpenSSL: /usr/lib/x86_64-linux-gnu/libcrypto.so (found version "1.1.1f")  
[1.120s] -- Found FastRTPS: /opt/ros/foxy/include  
[1.221s] -- Using all available rosidl_typesupport_cpp: rosidl_typesupport_fastrtps_cpp;rosidl_typesupport_introspection_cpp
[1.255s] -- Found rmw_implementation_cmake: 1.0.4 (/opt/ros/foxy/share/rmw_implementation_cmake/cmake)
[1.256s] -- Using RMW implementation 'rmw_fastrtps_cpp' as default
[1.257s] -- Looking for pthread.h
[1.388s] -- Looking for pthread.h - found
[1.388s] -- Performing Test CMAKE_HAVE_LIBC_PTHREAD
[1.541s] -- Performing Test CMAKE_HAVE_LIBC_PTHREAD - Failed
[1.542s] -- Looking for pthread_create in pthreads
[1.664s] -- Looking for pthread_create in pthreads - not found
[1.664s] -- Looking for pthread_create in pthread
[1.824s] -- Looking for pthread_create in pthread - found
[1.827s] -- Found Threads: TRUE  
[1.950s] -- Found Boost: /home/ai/anaconda3/lib/cmake/Boost-1.73.0/BoostConfig.cmake (found version "1.73.0") found components: system 
[2.079s] -- Configuring done
[2.095s] -- Generating done
[2.099s] -- Build files have been written to: /home/ai/work/python/UDP/ros_driver/build/udp_sender
[2.115s] Invoked command in '/home/ai/work/python/UDP/ros_driver/build/udp_sender' returned '0': CMAKE_PREFIX_PATH=${CMAKE_PREFIX_PATH}:/opt/ros/foxy /usr/bin/cmake /home/ai/work/python/UDP/ros_driver/src/udp_sender -DCMAKE_INSTALL_PREFIX=/home/ai/work/python/UDP/ros_driver/install/udp_sender
[2.122s] Invoking command in '/home/ai/work/python/UDP/ros_driver/build/udp_sender': CMAKE_PREFIX_PATH=${CMAKE_PREFIX_PATH}:/opt/ros/foxy /usr/bin/cmake --build /home/ai/work/python/UDP/ros_driver/build/udp_sender -- -j28 -l28
[2.232s] [ 50%] [32mBuilding CXX object CMakeFiles/udp_sender_node.dir/src/udpclient.cpp.o[0m
[2.232s] [ 50%] [32mBuilding CXX object CMakeFiles/udp_sender_node.dir/src/main.cpp.o[0m
[2.233s] [ 50%] [32mBuilding CXX object CMakeFiles/udp_sender_node.dir/src/binaryparser.cpp.o[0m
[2.233s] [ 66%] [32mBuilding CXX object CMakeFiles/udp_sender_node.dir/src/rgbd_ros_driver.cpp.o[0m
[2.233s] [ 83%] [32mBuilding CXX object CMakeFiles/udp_sender_node.dir/src/packet.cpp.o[0m
[3.894s] [100%] [32m[1mLinking CXX executable udp_sender_node[0m
[4.058s] [100%] Built target udp_sender_node
[4.074s] Invoked command in '/home/ai/work/python/UDP/ros_driver/build/udp_sender' returned '0': CMAKE_PREFIX_PATH=${CMAKE_PREFIX_PATH}:/opt/ros/foxy /usr/bin/cmake --build /home/ai/work/python/UDP/ros_driver/build/udp_sender -- -j28 -l28
[4.101s] Invoking command in '/home/ai/work/python/UDP/ros_driver/build/udp_sender': CMAKE_PREFIX_PATH=${CMAKE_PREFIX_PATH}:/opt/ros/foxy /usr/bin/cmake --install /home/ai/work/python/UDP/ros_driver/build/udp_sender
[4.117s] -- Install configuration: ""
[4.117s] -- Installing: /home/ai/work/python/UDP/ros_driver/install/udp_sender/lib/udp_sender/udp_sender_node
[4.118s] -- Set runtime path of "/home/ai/work/python/UDP/ros_driver/install/udp_sender/lib/udp_sender/udp_sender_node" to ""
[4.118s] -- Installing: /home/ai/work/python/UDP/ros_driver/install/udp_sender/share/ament_index/resource_index/package_run_dependencies/udp_sender
[4.118s] -- Installing: /home/ai/work/python/UDP/ros_driver/install/udp_sender/share/ament_index/resource_index/parent_prefix_path/udp_sender
[4.118s] -- Installing: /home/ai/work/python/UDP/ros_driver/install/udp_sender/share/udp_sender/environment/ament_prefix_path.sh
[4.119s] -- Installing: /home/ai/work/python/UDP/ros_driver/install/udp_sender/share/udp_sender/environment/ament_prefix_path.dsv
[4.119s] -- Installing: /home/ai/work/python/UDP/ros_driver/install/udp_sender/share/udp_sender/environment/path.sh
[4.119s] -- Installing: /home/ai/work/python/UDP/ros_driver/install/udp_sender/share/udp_sender/environment/path.dsv
[4.119s] -- Installing: /home/ai/work/python/UDP/ros_driver/install/udp_sender/share/udp_sender/local_setup.bash
[4.119s] -- Installing: /home/ai/work/python/UDP/ros_driver/install/udp_sender/share/udp_sender/local_setup.sh
[4.120s] -- Installing: /home/ai/work/python/UDP/ros_driver/install/udp_sender/share/udp_sender/local_setup.zsh
[4.120s] -- Installing: /home/ai/work/python/UDP/ros_driver/install/udp_sender/share/udp_sender/local_setup.dsv
[4.120s] -- Installing: /home/ai/work/python/UDP/ros_driver/install/udp_sender/share/udp_sender/package.dsv
[4.120s] -- Installing: /home/ai/work/python/UDP/ros_driver/install/udp_sender/share/ament_index/resource_index/packages/udp_sender
[4.120s] -- Installing: /home/ai/work/python/UDP/ros_driver/install/udp_sender/share/udp_sender/cmake/udp_senderConfig.cmake
[4.121s] -- Installing: /home/ai/work/python/UDP/ros_driver/install/udp_sender/share/udp_sender/cmake/udp_senderConfig-version.cmake
[4.121s] -- Installing: /home/ai/work/python/UDP/ros_driver/install/udp_sender/share/udp_sender/package.xml
[4.123s] Invoked command in '/home/ai/work/python/UDP/ros_driver/build/udp_sender' returned '0': CMAKE_PREFIX_PATH=${CMAKE_PREFIX_PATH}:/opt/ros/foxy /usr/bin/cmake --install /home/ai/work/python/UDP/ros_driver/build/udp_sender
