[0.015s] Invoking command in '/home/ai/work/python/UDP/ros2_ws/build/udp_sender': CMAKE_PREFIX_PATH=${CMAKE_PREFIX_PATH}:/opt/ros/foxy /usr/bin/cmake --build /home/ai/work/python/UDP/ros2_ws/build/udp_sender -- -j28 -l28
[0.118s] [ 11%] [34m[1mAutomatic MOC and UIC for target udp_sender_node[0m
[0.153s] [ 11%] Built target udp_sender_node_autogen
[0.193s] [35m[1mConsolidate compiler generated dependencies of target udp_sender_node[0m
[0.250s] [ 22%] [32mBuilding CXX object CMakeFiles/udp_sender_node.dir/udp_sender_node_autogen/mocs_compilation.cpp.o[0m
[0.252s] [ 33%] [32mBuilding CXX object CMakeFiles/udp_sender_node.dir/src/binaryparser.cpp.o[0m
[0.252s] [ 44%] [32mBuilding CXX object CMakeFiles/udp_sender_node.dir/src/main.cpp.o[0m
[0.254s] [ 55%] [32mBuilding CXX object CMakeFiles/udp_sender_node.dir/src/rgbd_ros_driver.cpp.o[0m
[0.254s] [ 66%] [32mBuilding CXX object CMakeFiles/udp_sender_node.dir/src/mainwindow.cpp.o[0m
[0.587s] [01m[K/home/ai/work/python/UDP/ros2_ws/src/udp_sender/src/binaryparser.cpp:[m[K In member function ‘[01m[Kvoid BinaryParser::assemble_frame()[m[K’:
[0.587s] [01m[K/home/ai/work/python/UDP/ros2_ws/src/udp_sender/src/binaryparser.cpp:94:34:[m[K [01;31m[Kerror: [m[K‘[01m[Kcurrent_frame_ID_[m[K’ was not declared in this scope
[0.587s]    94 |     std::cout << "프레임 " << [01;31m[Kcurrent_frame_ID_[m[K << " 조합 완료, 사이즈: " << frame_data.size() << " bytes.\n";
[0.587s]       |                                  [01;31m[K^~~~~~~~~~~~~~~~~[m[K
[0.587s] [01m[K/home/ai/work/python/UDP/ros2_ws/src/udp_sender/src/binaryparser.cpp:96:5:[m[K [01;31m[Kerror: [m[K‘[01m[Ksend_frame_request[m[K’ was not declared in this scope
[0.587s]    96 |     [01;31m[Ksend_frame_request[m[K();
[0.588s]       |     [01;31m[K^~~~~~~~~~~~~~~~~~[m[K
[0.698s] make[2]: *** [CMakeFiles/udp_sender_node.dir/build.make:132: CMakeFiles/udp_sender_node.dir/src/binaryparser.cpp.o] Error 1
[0.699s] make[2]: *** Waiting for unfinished jobs....
[2.033s] make[1]: *** [CMakeFiles/Makefile2:138: CMakeFiles/udp_sender_node.dir/all] Error 2
[2.034s] make: *** [Makefile:146: all] Error 2
[2.039s] Invoked command in '/home/ai/work/python/UDP/ros2_ws/build/udp_sender' returned '2': CMAKE_PREFIX_PATH=${CMAKE_PREFIX_PATH}:/opt/ros/foxy /usr/bin/cmake --build /home/ai/work/python/UDP/ros2_ws/build/udp_sender -- -j28 -l28
