-- Found ament_cmake: 0.9.12 (/opt/ros/foxy/share/ament_cmake/cmake)
-- Using PYTHON_EXECUTABLE: /usr/bin/python3
-- Found rclcpp: 2.4.3 (/opt/ros/foxy/share/rclcpp/cmake)
-- Using all available rosidl_typesupport_c: rosidl_typesupport_fastrtps_c;rosidl_typesupport_introspection_c
-- Found rosidl_adapter: 1.3.1 (/opt/ros/foxy/share/rosidl_adapter/cmake)
-- Using all available rosidl_typesupport_cpp: rosidl_typesupport_fastrtps_cpp;rosidl_typesupport_introspection_cpp
-- Found rmw_implementation_cmake: 1.0.4 (/opt/ros/foxy/share/rmw_implementation_cmake/cmake)
-- Using RMW implementation 'rmw_fastrtps_cpp' as default
-- Configuring done
-- Generating done
-- Build files have been written to: /home/ai/work/python/UDP/ros2_ws/build/udp_sender
[ 11%] [34m[1mAutomatic MOC and UIC for target udp_sender_node[0m
[ 11%] Built target udp_sender_node_autogen
[35m[1mConsolidate compiler generated dependencies of target udp_sender_node[0m
[ 22%] [32mBuilding CXX object CMakeFiles/udp_sender_node.dir/udp_sender_node_autogen/mocs_compilation.cpp.o[0m
[ 33%] [32mBuilding CXX object CMakeFiles/udp_sender_node.dir/src/main.cpp.o[0m
[ 44%] [32mBuilding CXX object CMakeFiles/udp_sender_node.dir/src/mainwindow.cpp.o[0m
[ 55%] [32mBuilding CXX object CMakeFiles/udp_sender_node.dir/src/udpclient.cpp.o[0m
[ 66%] [32mBuilding CXX object CMakeFiles/udp_sender_node.dir/src/binaryparser.cpp.o[0m
[ 77%] [32mBuilding CXX object CMakeFiles/udp_sender_node.dir/src/packet.cpp.o[0m
[ 88%] [32mBuilding CXX object CMakeFiles/udp_sender_node.dir/src/rgbd_ros_driver.cpp.o[0m
[100%] [32m[1mLinking CXX executable udp_sender_node[0m
[100%] Built target udp_sender_node
-- Install configuration: ""
-- Installing: /home/ai/work/python/UDP/ros2_ws/install/udp_sender/lib/udp_sender/udp_sender_node
-- Set runtime path of "/home/ai/work/python/UDP/ros2_ws/install/udp_sender/lib/udp_sender/udp_sender_node" to ""
-- Up-to-date: /home/ai/work/python/UDP/ros2_ws/install/udp_sender/share/ament_index/resource_index/package_run_dependencies/udp_sender
-- Installing: /home/ai/work/python/UDP/ros2_ws/install/udp_sender/share/ament_index/resource_index/parent_prefix_path/udp_sender
-- Up-to-date: /home/ai/work/python/UDP/ros2_ws/install/udp_sender/share/udp_sender/environment/ament_prefix_path.sh
-- Installing: /home/ai/work/python/UDP/ros2_ws/install/udp_sender/share/udp_sender/environment/ament_prefix_path.dsv
-- Up-to-date: /home/ai/work/python/UDP/ros2_ws/install/udp_sender/share/udp_sender/environment/path.sh
-- Installing: /home/ai/work/python/UDP/ros2_ws/install/udp_sender/share/udp_sender/environment/path.dsv
-- Up-to-date: /home/ai/work/python/UDP/ros2_ws/install/udp_sender/share/udp_sender/local_setup.bash
-- Up-to-date: /home/ai/work/python/UDP/ros2_ws/install/udp_sender/share/udp_sender/local_setup.sh
-- Up-to-date: /home/ai/work/python/UDP/ros2_ws/install/udp_sender/share/udp_sender/local_setup.zsh
-- Installing: /home/ai/work/python/UDP/ros2_ws/install/udp_sender/share/udp_sender/local_setup.dsv
-- Installing: /home/ai/work/python/UDP/ros2_ws/install/udp_sender/share/udp_sender/package.dsv
-- Up-to-date: /home/ai/work/python/UDP/ros2_ws/install/udp_sender/share/ament_index/resource_index/packages/udp_sender
-- Up-to-date: /home/ai/work/python/UDP/ros2_ws/install/udp_sender/share/udp_sender/cmake/udp_senderConfig.cmake
-- Up-to-date: /home/ai/work/python/UDP/ros2_ws/install/udp_sender/share/udp_sender/cmake/udp_senderConfig-version.cmake
-- Up-to-date: /home/ai/work/python/UDP/ros2_ws/install/udp_sender/share/udp_sender/package.xml
